---
# Source: camunda-platform/templates/identity/configmap.yaml
apiVersion: v1
kind: ConfigMap
metadata:
  name: camunda-platform-test-identity-configuration
  labels:
    app: camunda-platform
    app.kubernetes.io/name: camunda-platform
    app.kubernetes.io/instance: camunda-platform-test
    app.kubernetes.io/managed-by: Helm
    app.kubernetes.io/part-of: camunda-platform
    app.kubernetes.io/version: "8.5.0-alpha2"
    app.kubernetes.io/component: identity
  annotations:
    {}
data:
  application.yaml: |
    identity:
      url: ""

      authProvider:
        issuer-url: "http://localhost:18080/auth/realms/camunda-platform"
        backend-url: "http://camunda-platform-test-keycloak:80/auth/realms/camunda-platform"
    keycloak:
      environment:
        clients:
          - name: Identity
            id: "camunda-identity"
            type: CONFIDENTIAL
            secret: ${IDENTITY_CLIENT_SECRET:}
            root-url: ""
            redirect-uris:
              - "/auth/login-callback"
      presets:
        tasklist:
          clients:
            - name: Tasklist
              id: tasklist
              type: confidential
              secret: ${KEYCLOAK_INIT_TASKLIST_SECRET:}
              root-url: "http://localhost:8082"
              redirect-uris:
                - "/identity-callback"
        operate:
          clients:
            - name: Operate
              id: ${KEYCLOAK_INIT_OPERATE_CLIENT_ID:operate}
              type: confidential
              secret: ${KEYCLOAK_INIT_OPERATE_SECRET:}
              root-url: "http://localhost:8081"
              redirect-uris:
                - "/identity-callback"
        optimize:
          clients:
            - name: Optimize
              id: ${KEYCLOAK_INIT_OPTIMIZE_CLIENT_ID:optimize}
              type: confidential
              secret: ${KEYCLOAK_INIT_OPTIMIZE_SECRET:}
              root-url: "http://localhost:8083"
              redirect-uris:
                - "/api/authentication/callback"
        console:
          clients:
            - name: "Console"
              id: ${KEYCLOAK_INIT_CONSOLE_CLIENT_ID:console}
              type: public
              root-url: "http://localhost:8080"
              redirect-uris:
                - "/"
    server:
      port: 8080

    spring:
      profiles:
        active: keycloak

    camunda:
      identity: