---
# Source: camunda-platform/templates/connectors/deployment.yaml
apiVersion: apps/v1
kind: Deployment
metadata:
  name: camunda-platform-test-connectors
  labels:
    app: camunda-platform
    app.kubernetes.io/name: camunda-platform
    app.kubernetes.io/instance: camunda-platform-test
    app.kubernetes.io/managed-by: Helm
    app.kubernetes.io/part-of: camunda-platform
    app.kubernetes.io/component: connectors
    app.kubernetes.io/version: "8.7.0-alpha1"
  annotations:
    {}
spec:
  replicas: 1
  strategy:
    type: RollingUpdate
  selector:
    matchLabels:
      app: camunda-platform
      app.kubernetes.io/name: camunda-platform
      app.kubernetes.io/instance: camunda-platform-test
      app.kubernetes.io/managed-by: Helm
      app.kubernetes.io/part-of: camunda-platform
      app.kubernetes.io/component: connectors
  template:
    metadata:
      labels:
        app: camunda-platform
        app.kubernetes.io/name: camunda-platform
        app.kubernetes.io/instance: camunda-platform-test
        app.kubernetes.io/managed-by: Helm
        app.kubernetes.io/part-of: camunda-platform
        app.kubernetes.io/component: connectors
        app.kubernetes.io/version: "8.7.0-alpha1"
      annotations:
    spec:
      imagePullSecrets:
        []
      initContainers:
        []
      containers:
        - name: connectors
          image: camunda/connectors-bundle:8.7.0-alpha1
          imagePullPolicy: Always
          securityContext:
            allowPrivilegeEscalation: false
            privileged: false
            readOnlyRootFilesystem: true
            runAsNonRoot: true
            runAsUser: 1001
            seccompProfile:
              type: RuntimeDefault
          ports:
            - containerPort: 8080
              name: http
              protocol: TCP
          env:
            - name: CAMUNDA_LICENSE_KEY
              valueFrom:
                secretKeyRef:
                  name: camunda-platform-test-license
                  key: CAMUNDA_LICENSE_KEY
            - name: VALUES_CAMUNDA_IDENTITY_CLIENT_SECRET
              valueFrom:
                secretKeyRef:
                  name: camunda-platform-test-connectors-identity-secret
                  key: connectors-secret
            - name: ZEEBE_CLIENT_ID
              value: "core"
            - name: ZEEBE_CLIENT_SECRET
              valueFrom:
                secretKeyRef:
                  name: camunda-platform-test-core-identity-secret
                  key: core-secret
            - name: ZEEBE_AUTHORIZATION_SERVER_URL
              value: "http://camunda-platform-test-keycloak:80/auth/realms/camunda-platform/protocol/openid-connect/token"
            - name: ZEEBE_TOKEN_AUDIENCE
              value: "core-api"
            - name: ZEEBE_TOKEN_SCOPE
              value: ""
          envFrom:
            - configMapRef:
                name: camunda-platform-test-identity-env-vars
          resources:
            limits:
              cpu: 2
              memory: 2Gi
            requests:
              cpu: 1
              memory: 1Gi
          volumeMounts:
            - mountPath: /tmp
              name: tmp
            - name: config
              mountPath: /config/application.yml
              subPath: application.yml
      volumes:
        - name: tmp
          emptyDir: {}
        - name: config
          configMap:
            name: camunda-platform-test-connectors-configuration
      serviceAccountName: camunda-platform-test-connectors
      securityContext:
        fsGroup: 1001
        runAsNonRoot: true
        seccompProfile:
          type: RuntimeDefault