---
# Source: camunda-platform/templates/console/deployment.yaml
apiVersion: apps/v1
kind: Deployment
metadata:
  name: camunda-platform-test-console
  labels:
    app: camunda-platform
    app.kubernetes.io/name: camunda-platform
    app.kubernetes.io/instance: camunda-platform-test
    app.kubernetes.io/managed-by: Helm
    app.kubernetes.io/part-of: camunda-platform
    app.kubernetes.io/version: "8.4.3"
    app.kubernetes.io/component: console
  annotations:
    {}
spec:
  replicas: 
  selector:
    matchLabels:
      app: camunda-platform
      app.kubernetes.io/name: camunda-platform
      app.kubernetes.io/instance: camunda-platform-test
      app.kubernetes.io/managed-by: Helm
      app.kubernetes.io/part-of: camunda-platform
      app.kubernetes.io/component: console
  template:
    metadata:
      labels:
        app: camunda-platform
        app.kubernetes.io/name: camunda-platform
        app.kubernetes.io/instance: camunda-platform-test
        app.kubernetes.io/managed-by: Helm
        app.kubernetes.io/part-of: camunda-platform
        app.kubernetes.io/component: console
    spec:
      imagePullSecrets:
        []
      initContainers:
        []
      serviceAccountName: camunda-platform-test-console
      securityContext:
        {}
      containers:
        - name: camunda-platform
          securityContext:
            null
          image: registry.camunda.cloud/console/console-sm:latest
          imagePullPolicy: IfNotPresent
          env:
            - name: NODE_ENV
              value: prod
            - name: KEYCLOAK_BASE_URL
              value: "http://localhost:18080/auth"
            - name: KEYCLOAK_REALM
              value: camunda-platform
            - name: CAMUNDA_IDENTITY_AUDIENCE
              value: console
            - name: CAMUNDA_IDENTITY_CLIENT_ID
              value: console
          ports:
            - name: http
              containerPort: 8080
              protocol: TCP
            - name: management
              containerPort: 9100
              protocol: TCP
          readinessProbe:
            httpGet:
              path: /health/readiness
              scheme: HTTP
              port: management
            initialDelaySeconds: 30
            periodSeconds: 30
            successThreshold: 1
            failureThreshold: 5
            timeoutSeconds: 1
          resources:
            limits:
              cpu: 2
              memory: 2Gi
            requests:
              cpu: 1
              memory: 1Gi
          volumeMounts:
            - name: console-configuration
              mountPath: /var/run/config
      volumes:
        - name: console-configuration
          configMap:
            name: camunda-platform-test-console-configuration