---
# Source: camunda-platform/charts/optimize/templates/configmap.yaml
kind: ConfigMap
metadata:
  name: camunda-platform-test-optimize
  labels:
    app: camunda-platform
    app.kubernetes.io/name: optimize
    app.kubernetes.io/instance: camunda-platform-test
    app.kubernetes.io/managed-by: Helm
    app.kubernetes.io/part-of: camunda-platform
    app.kubernetes.io/version: "3.10.3"
    app.kubernetes.io/component: optimize
apiVersion: v1
data:
  environment-config.yaml: |
    'sharing.enabled: true'