# Source: camunda-platform/templates/connectors/serviceaccount.yaml
apiVersion: v1
kind: ServiceAccount
metadata:
  name: release-name-connectors
  labels:
    app: camunda-platform
    app.kubernetes.io/name: camunda-platform
    app.kubernetes.io/instance: release-name
    app.kubernetes.io/managed-by: Helm
    app.kubernetes.io/part-of: camunda-platform
    helm.sh/chart: camunda-platform-8.1.7
    app.kubernetes.io/version: "8.1.9"
    app.kubernetes.io/component: connectors