# Source: camunda-platform/templates/connectors/service.yaml
apiVersion: v1
kind: Service
metadata:
  name: release-name-connectors
  labels:
    app: camunda-platform
    app.kubernetes.io/name: camunda-platform
    app.kubernetes.io/instance: release-name
    app.kubernetes.io/managed-by: Helm
    app.kubernetes.io/part-of: camunda-platform
    helm.sh/chart: camunda-platform-8.1.7
    app.kubernetes.io/version: "8.1.9"
    app.kubernetes.io/component: connectors
  annotations:
spec:
  type: ClusterIP
  ports:
    - name: http
      port: 8080
      targetPort: 8080
      protocol: TCP
  selector:
    app: camunda-platform
    app.kubernetes.io/name: camunda-platform
    app.kubernetes.io/instance: release-name
    app.kubernetes.io/managed-by: Helm
    app.kubernetes.io/part-of: camunda-platform
    app.kubernetes.io/component: connectors